../Core/Src/main.c:102:5:main	40	static
../Core/Src/main.c:188:6:SystemClock_Config	120	static
../Core/Src/main.c:249:13:MX_ETH_Init	8	static
../Core/Src/main.c:298:13:MX_I2C1_Init	8	static
../Core/Src/main.c:346:13:MX_USART3_UART_Init	8	static
../Core/Src/main.c:394:13:MX_USB_OTG_FS_PCD_Init	8	static
../Core/Src/main.c:430:13:MX_GPIO_Init	56	static
../Core/Src/main.c:492:6:PCF8591_ReadPot	40	static
../Core/Src/main.c:525:6:PCF8591_ReadTemp	32	static
../Core/Src/main.c:558:6:PCF8591_ReadLDR	32	static
../Core/Src/main.c:593:8:set_dac	40	static
../Core/Src/main.c:618:8:HAL_UART_RxCpltCallback	16	static
../Core/Src/main.c:634:6:Error_Handler	4	static,ignoring_inline_asm
